// Jest Snapshot v1, https://goo.gl/fbAQLP

exports[`<Options /> Should render and match the snapshot 1`] = `
<div
  class="MuiPaper-root MuiCard-root makeStyles-root-4 MuiPaper-elevation1 MuiPaper-rounded"
>
  <h6
    class="MuiTypography-root MuiTypography-h6 MuiTypography-gutterBottom"
  >
    <span>
      filter
    </span>
  </h6>
  <h5
    class="MuiTypography-root MuiTypography-h5 MuiTypography-gutterBottom"
  >
    <span>
      Launch Year
    </span>
  </h5>
  <div
    class="d-flex flex-row align-align-items-center justify-content-between w-100 mb-5"
  >
    <button
      class="MuiButtonBase-root MuiButton-root MuiButton-contained makeStyles-button-6 MuiButton-containedSecondary"
      tabindex="0"
      type="button"
    >
      <span
        class="MuiButton-label"
      >
        2014
      </span>
      <span
        class="MuiTouchRipple-root"
      />
    </button>
    <button
      class="MuiButtonBase-root MuiButton-root MuiButton-contained makeStyles-button-6 MuiButton-containedSecondary"
      tabindex="0"
      type="button"
    >
      <span
        class="MuiButton-label"
      >
        2015
      </span>
      <span
        class="MuiTouchRipple-root"
      />
    </button>
  </div>
  <div
    class="d-flex flex-row align-align-items-center justify-content-between w-100 mb-5"
  >
    <button
      class="MuiButtonBase-root MuiButton-root MuiButton-contained makeStyles-button-6 MuiButton-containedSecondary"
      tabindex="0"
      type="button"
    >
      <span
        class="MuiButton-label"
      >
        2016
      </span>
      <span
        class="MuiTouchRipple-root"
      />
    </button>
    <button
      class="MuiButtonBase-root MuiButton-root MuiButton-contained makeStyles-button-6 MuiButton-containedSecondary"
      tabindex="0"
      type="button"
    >
      <span
        class="MuiButton-label"
      >
        2017
      </span>
      <span
        class="MuiTouchRipple-root"
      />
    </button>
  </div>
  <div
    class="d-flex flex-row align-align-items-center justify-content-between w-100 mb-5"
  >
    <button
      class="MuiButtonBase-root MuiButton-root MuiButton-contained makeStyles-button-6 MuiButton-containedSecondary"
      tabindex="0"
      type="button"
    >
      <span
        class="MuiButton-label"
      >
        2018
      </span>
      <span
        class="MuiTouchRipple-root"
      />
    </button>
    <button
      class="MuiButtonBase-root MuiButton-root MuiButton-contained makeStyles-button-6 MuiButton-containedSecondary"
      tabindex="0"
      type="button"
    >
      <span
        class="MuiButton-label"
      >
        2019
      </span>
      <span
        class="MuiTouchRipple-root"
      />
    </button>
  </div>
  <div
    class="d-flex flex-row align-align-items-center justify-content-between w-100 mb-5"
  >
    <button
      class="MuiButtonBase-root MuiButton-root MuiButton-contained makeStyles-button-6 MuiButton-containedSecondary"
      tabindex="0"
      type="button"
    >
      <span
        class="MuiButton-label"
      >
        2020
      </span>
      <span
        class="MuiTouchRipple-root"
      />
    </button>
  </div>
  <h5
    class="MuiTypography-root MuiTypography-h5 MuiTypography-gutterBottom"
  >
    <span>
      Successful launch
    </span>
  </h5>
  <div
    class="d-flex flex-row align-align-items-center justify-content-between w-100 mb-5"
  >
    <button
      class="MuiButtonBase-root MuiButton-root MuiButton-contained makeStyles-button-6 MuiButton-containedSecondary"
      tabindex="0"
      type="button"
    >
      <span
        class="MuiButton-label"
      >
        True
      </span>
      <span
        class="MuiTouchRipple-root"
      />
    </button>
    <button
      class="MuiButtonBase-root MuiButton-root MuiButton-contained makeStyles-button-6 MuiButton-containedSecondary"
      tabindex="0"
      type="button"
    >
      <span
        class="MuiButton-label"
      >
        False
      </span>
      <span
        class="MuiTouchRipple-root"
      />
    </button>
  </div>
  <h5
    class="MuiTypography-root font-weight-bold MuiTypography-h5 MuiTypography-gutterBottom"
  >
    <span>
      Successful landing
    </span>
  </h5>
  <div
    class="d-flex flex-row align-align-items-center justify-content-between w-100 mb-5"
  >
    <button
      class="MuiButtonBase-root MuiButton-root MuiButton-contained makeStyles-button-6 MuiButton-containedSecondary"
      tabindex="0"
      type="button"
    >
      <span
        class="MuiButton-label"
      >
        True
      </span>
      <span
        class="MuiTouchRipple-root"
      />
    </button>
    <button
      class="MuiButtonBase-root MuiButton-root MuiButton-contained makeStyles-button-6 MuiButton-containedSecondary"
      tabindex="0"
      type="button"
    >
      <span
        class="MuiButton-label"
      >
        False
      </span>
      <span
        class="MuiTouchRipple-root"
      />
    </button>
  </div>
</div>
`;
